// Jest Snapshot v1, https://goo.gl/fbAQLP

exports[`dated-value.ts 1`] = `
Object {
  "errorCount": 8,
  "fileName": "realistic/dated-value.ts",
  "messages": Array [
    "realistic/dated-value.ts:20(3) Type 'number' is not assignable to type 'string'.",
    "realistic/dated-value.ts:32(3) Type 'string' is not assignable to type 'number'.",
    "realistic/dated-value.ts:45(12) Type '{ grade: number; subject: string; }' is not assignable to type '{ name: string; age: number; }'.
  Object literal may only specify known properties, and 'grade' does not exist in type '{ name: string; age: number; }'.",
    "realistic/dated-value.ts:56(3) Type '{ date: string; sourceLink: string; value: () => undefined; }' is not assignable to type '{ date: string; sourceLink: string; }'.
  Object literal may only specify known properties, and 'value' does not exist in type '{ date: string; sourceLink: string; }'.",
    "realistic/dated-value.ts:65(13) Type 'Date' is not assignable to type 'string'.",
    "realistic/dated-value.ts:94(68) No overload matches this call.
  Overload 1 of 2, '(datedValue: DatedValue<Function>): never', gave the following error.
    Argument of type '{ date: Date; sourceLink: string; }' is not assignable to parameter of type 'DatedValue<Function>'.
      Property 'value' is missing in type '{ date: Date; sourceLink: string; }' but required in type 'DatedValue<Function>'.
  Overload 2 of 2, '(datedValue: DatedValue<unknown>): { date: string; value: {}; sourceLink: string; }', gave the following error.
    Argument of type '{ date: Date; sourceLink: string; }' is not assignable to parameter of type 'DatedValue<unknown>'.
      Property 'value' is missing in type '{ date: Date; sourceLink: string; }' but required in type 'DatedValue<unknown>'.",
    "realistic/dated-value.ts:105(14) Type '{ date: string; value: number; sourceLink: string; }' is not assignable to type '{ date: string; value: string; sourceLink: string; }'.
  Types of property 'value' are incompatible.
    Type 'number' is not assignable to type 'string'.",
    "realistic/dated-value.ts:118(14) Type '{ date: string; value: { score: number; }; sourceLink: string; }' is not assignable to type '{ date: string; value: { name: string; age: number; }; sourceLink: string; }'.
  Types of property 'value' are incompatible.
    Type '{ score: number; }' is missing the following properties from type '{ name: string; age: number; }': name, age",
  ],
}
`;
